---
source: tests/snapshots.rs
expression: "error,hello=warn/[0-9]"
---
error

1 directives were ignored as invalid

  ⚠ invalid level filter specified
   ╭────
 1 │ error,hello=warn/[0-9]
   ·             ──────────
   ╰────
  help: valid level filters are OFF, ERROR, WARN, INFO, DEBUG, or TRACE


