---
source: tests/snapshots.rs
assertion_line: 23
expression: "error,hello=warn/[0-9]\n"
---
Filter {
    directives: [
        Directive {
            target: None,
            level: LevelFilter::ERROR,
        },
        Directive {
            target: Some(
                "hello",
            ),
            level: LevelFilter::WARN,
        },
    ],
    regex: Some(
        [0-9]
        ,
    ),
}
