---
source: tests/snapshots.rs
expression: "crate1::mod1=warn=info,crate2=debug"
---
Filter {
    scope: ThreadLocal { local_data: None },
    statics: DirectiveSet {
        directives: SortedSet {
            set: SortedVec {
                vec: [
                    StaticDirective {
                        target: Some(
                            "crate2",
                        ),
                        fields: [],
                        level: LevelFilter::DEBUG,
                    },
                ],
            },
        },
        level: LevelFilter::DEBUG,
    },
    dynamics: DirectiveSet {
        directives: SortedSet {
            set: SortedVec {
                vec: [],
            },
        },
        level: LevelFilter::OFF,
    },
    by_id: RwLock {
        data: {},
        poisoned: false,
        ..
    },
    by_cs: RwLock {
        data: {},
        poisoned: false,
        ..
    },
}

  × some directives had no effect

Error: 
  ⚠ 1 directives were ignored as invalid

Error: tracing_filter::legacy::InvalidLevel

  ⚠ invalid level filter specified
   ╭────
 1 │ crate1::mod1=warn=info,crate2=debug
   ·              ─────────
   ╰────
  help: valid level filters are OFF, ERROR, WARN, INFO, DEBUG, or TRACE

