---
source: tests/snapshots.rs
expression: "warn,crate2=debug"
---
Filter {
    directives: ReverseSortedVec {
        vec: [
            Directive {
                target: Some(
                    "crate2",
                ),
                level: LevelFilter::DEBUG,
            },
            Directive {
                target: None,
                level: LevelFilter::WARN,
            },
        ],
    },
    regex: None,
}
