---
source: tests/snapshots.rs
expression: "crate::target=warn/[0-9]/"
---
tracing_filter::simple::MultipleSlash

  × logging spec has too many `/`s
   ╭────
 1 │ crate::target=warn/[0-9]/
   ·                    ───┬──
   ·                       │ ╰── this `/` is not allowed ...
   ·                       ╰── ... in this regex filter
   ╰────
  help: regex filters may not contain `/`

