---
source: tests/snapshots.rs
expression: "[{a=b=c}],[{a=b=*}],[{a=*=c}],[{*=b=c}]"
---
[{b=c}]=trace,[{a=b}]=trace

1 directives were ignored as invalid

  ⚠ invalid regex specified
   ╭────
 1 │ [{a=b=c}],[{a=b=*}],[{a=*=c}],[{*=b=c}]
   ·                         ┬
   ·                         ╰── regex parse error:
    *
    ^
error: repetition operator missing expression
   ╰────


