---
source: tracing-filter/tests/snapshots.rs
assertion_line: 68
expression: "crate1::mod1=error,crate1::mod2,crate2=debug"
---
Filter {
    directives: SortedVec {
        vec: [
            Directive {
                target: Some(
                    "crate2",
                ),
                level: LevelFilter::DEBUG,
            },
            Directive {
                target: Some(
                    "crate1::mod2",
                ),
                level: LevelFilter::TRACE,
            },
            Directive {
                target: Some(
                    "crate1::mod1",
                ),
                level: LevelFilter::ERROR,
            },
        ],
    },
    regex: None,
}
