---
source: tests/snapshots.rs
assertion_line: 68
expression: crate1/a*c
---
Filter {
    directives: SortedVec {
        vec: [
            Directive {
                target: Some(
                    "crate1",
                ),
                level: LevelFilter::TRACE,
            },
        ],
    },
    regex: Some(
        a*c,
    ),
}
