---
source: tests/snapshots.rs
assertion_line: 30
expression: "crate::target=warn/[0-9]/\n"
---
tracing_filter::simple::Error::MultipleSlash (https://docs.rs/tracing-filter/0.0.0-dev/tracing-filter/enum.Error.html#variant.MultipleSlash)

  × logging spec has too many `/`s
   ╭────
 1 │ crate::target=warn/[0-9]/
   ·                    ───┬───
   ·                       │ ╰── this `/` is not allowed ...
   ·                       ╰── ... in this regex filter
   ╰────
  help: regex filters may not contain `/`

