---
source: tests/snapshots.rs
expression: "error,hello=warn/[0-9]"
---
Filter {
    directives: ReverseSortedVec {
        vec: [
            Directive {
                target: Some(
                    "hello",
                ),
                level: LevelFilter::WARN,
            },
            Directive {
                target: None,
                level: LevelFilter::ERROR,
            },
        ],
    },
    regex: Some(
        [0-9],
    ),
}
