---
source: tests/snapshots.rs
expression: "crate1::mod1=wrong,crate2="
---
crate2=trace

1 directives were ignored as invalid

  ⚠ invalid level filter specified
   ╭────
 1 │ crate1::mod1=wrong,crate2=
   ·              ─────
   ╰────
  help: valid level filters are OFF, ERROR, WARN, INFO, DEBUG, or TRACE


