---
source: tests/snapshots.rs
assertion_line: 30
expression: "/(?:){4294967295}"
---

  ⚠ 1 directives were ignored as invalid

Error: tracing_filter::simple::Warning::InvalidRegex (https://docs.rs/tracing-filter/0.0.0-dev/tracing-filter/enum.Warning.html#variant.InvalidRegex)

  ⚠ invalid regex specified
   ╭────
 1 │ /(?:){4294967295}
   ·  ────────┬───────
   ·          ╰── Compiled regex exceeds size limit of 10485760 bytes.
   ╰────

