---
source: tests/snapshots.rs
expression: "crate::target=warn/[[]"
---
Filter {
    directives: ReverseSortedVec {
        vec: [
            Directive {
                target: Some(
                    "crate::target",
                ),
                level: LevelFilter::WARN,
            },
        ],
    },
    regex: None,
}
