---
source: tests/snapshots.rs
assertion_line: 30
expression: "example::log::target=level"
---

  ⚠ 1 directives were ignored as invalid

Error: tracing_filter::simple::Warning::InvalidLevel (https://docs.rs/tracing-filter/0.0.0-dev/tracing-filter/enum.Warning.html#variant.InvalidLevel)

  ⚠ invalid level directive specified
   ╭────
 1 │ example::log::target=level
   ·                      ──┬──
   ·                        ╰── this level is invalid
   ╰────
  help: valid directives are OFF, ERROR, WARN, INFO, DEBUG, or TRACE

